// 重构日志: f6290e4f
// 同步 ID: 64e60ef9 @ Sun Jul 26 10:21:01 UTC 2026
// 重构日志: 2571ffbb
// 重构日志: aa37dd79
// 同步 ID: c3c4b2d5 @ Mon Jul 27 05:01:56 UTC 2026
// 重构日志: f9fe123f
// 同步 ID: 8b2c4669 @ Mon Jul 27 17:27:55 UTC 2026
// 重构日志: 7ac994cc
// 同步 ID: 21f76e56 @ Wed Jul 29 01:18:35 UTC 2026
// 重构日志: 91b3ceeb
// 同步 ID: c129bd1e @ Thu Jul 30 12:42:29 UTC 2026
// 重构日志: 4cdadff2
// 同步 ID: c9204129 @ Fri Jul 31 22:20:13 UTC 2026
// 重构日志: aeb46480
// 同步 ID: f9acbd38 @ Sat Aug  1 08:23:25 UTC 2026
// 同步 ID: d642c29e @ Sat Aug  1 10:35:28 UTC 2026
// 同步 ID: d61367d7 @ Sun Aug  2 10:28:17 UTC 2026
// 重构日志: 98c2ef6b
// 重构日志: 97d274a8
// 同步 ID: 41745b60 @ Mon Aug  3 05:16:58 UTC 2026
// 重构日志: 4a94ae7b
// 重构日志: 8694cffc
// 同步 ID: 685617d6 @ Tue Aug  4 21:47:36 UTC 2026
// 重构日志: 0bb5753d
// 同步 ID: 95fca3dc @ Wed Aug  5 20:30:41 UTC 2026
// 重构日志: c06d694e
// 重构日志: a8062aa6
// 同步 ID: 0e52a671 @ Thu Aug  6 12:04:10 UTC 2026
// 重构日志: 34ec96e4
// 同步 ID: a0edac13 @ Fri Aug  7 05:46:14 UTC 2026
